Archive member included to satisfy reference by file (symbol)

c:/program files/microchip/xc32/v4.50/bin/bin/../../lib/gcc/pic32c/8.3.1/../../../../pic32c/lib/thumb/v7e-m+fp/hard\libpic32c.a(data_init.o)
                              build/default/production/_ext/1171490990/startup_xc32.o (__pic32c_data_initialization)
c:/program files/microchip/xc32/v4.50/bin/bin/../../lib/gcc/pic32c/8.3.1/../../../../pic32c/lib/thumb/v7e-m+fp/hard\libc-size-musl.a(memcpy.o)
                              build/default/production/_ext/1593096446/plib_nvmctrl.o (memcpy)
c:/program files/microchip/xc32/v4.50/bin/bin/../../lib/gcc/pic32c/8.3.1/../../../../pic32c/lib/thumb/v7e-m+fp/hard\libc-size-musl.a(memset.o)
                              build/default/production/_ext/1360937237/main.o (memset)
c:/program files/microchip/xc32/v4.50/bin/bin/../../lib/gcc/pic32c/8.3.1/../../../../pic32c/lib/thumb/v7e-m+fp/hard\libc-musl.a(__libc_start_main.o)
                              build/default/production/_ext/1171490990/startup_xc32.o (__libc_init_array)
c:/program files/microchip/xc32/v4.50/bin/bin/../../lib/gcc/pic32c/8.3.1/../../../../pic32c/lib/thumb/v7e-m+fp/hard\libc-musl.a(libc.o)
                              c:/program files/microchip/xc32/v4.50/bin/bin/../../lib/gcc/pic32c/8.3.1/../../../../pic32c/lib/thumb/v7e-m+fp/hard\libc-musl.a(__libc_start_main.o) (__progname_full)
c:/program files/microchip/xc32/v4.50/bin/bin/../../lib/gcc/pic32c/8.3.1/../../../../pic32c/lib/thumb/v7e-m+fp/hard\libc-musl.a(__environ.o)
                              c:/program files/microchip/xc32/v4.50/bin/bin/../../lib/gcc/pic32c/8.3.1/../../../../pic32c/lib/thumb/v7e-m+fp/hard\libc-musl.a(__libc_start_main.o) (__environ)
c:/program files/microchip/xc32/v4.50/bin/bin/../../lib/gcc/pic32c/8.3.1/thumb/v7e-m+fp/hard\libgcc.a(_aeabi_uldivmod.o)
                              build/default/production/_ext/504274921/plib_sercom2_usart.o (__aeabi_uldivmod)
c:/program files/microchip/xc32/v4.50/bin/bin/../../lib/gcc/pic32c/8.3.1/thumb/v7e-m+fp/hard\libgcc.a(_udivmoddi4.o)
                              c:/program files/microchip/xc32/v4.50/bin/bin/../../lib/gcc/pic32c/8.3.1/thumb/v7e-m+fp/hard\libgcc.a(_aeabi_uldivmod.o) (__udivmoddi4)
c:/program files/microchip/xc32/v4.50/bin/bin/../../lib/gcc/pic32c/8.3.1/thumb/v7e-m+fp/hard\libgcc.a(_dvmd_tls.o)
                              c:/program files/microchip/xc32/v4.50/bin/bin/../../lib/gcc/pic32c/8.3.1/thumb/v7e-m+fp/hard\libgcc.a(_aeabi_uldivmod.o) (__aeabi_ldiv0)
c:/program files/microchip/xc32/v4.50/bin/bin/../../lib/gcc/pic32c/8.3.1/../../../../pic32c/lib/thumb/v7e-m+fp/hard\libpic32c.a(pic32_data_init_clear.o)
                              (__dinit_clear_needed)
c:/program files/microchip/xc32/v4.50/bin/bin/../../lib/gcc/pic32c/8.3.1/../../../../pic32c/lib/thumb/v7e-m+fp/hard\libpic32c.a(pic32_data_init_copy.o)
                              (__dinit_copy_needed)

Microchip PIC32 Memory-Usage Report

ROM Program-Memory Usage
section                    address  length [bytes]      (dec)  Description
-------                 ----------  -------------------------  -----------
.vectors                         0          0x264         612   
.text                        0x264           0x20          32  App's exec code 
.text.detect_qrs             0x284          0x318         792   
.text.main                   0x59c          0x24c         588   
.dinit                       0x7e8          0x190         400   
.text.CLOCK_Initialize       0x978          0x108         264   
.text.SERCOM2_USART_Wri      0xa80           0xd8         216   
.text.SERCOM2_USART_ISR      0xb58           0xb8         184   
.text.SERCOM2_USART_ISR      0xc10           0xa8         168   
.text.Reset_Handler          0xcb8           0x88         136   
.text.SERCOM2_USART_Rea      0xd40           0x84         132   
.text.NVIC_Initialize        0xdc4           0x7c         124   
.text.SERCOM2_USART_Ini      0xe40           0x7c         124   
.text.lp_FIR_filter_50H      0xebc           0x70         112   
.text.PORT_Initialize        0xf2c           0x6c         108   
.text.pt_signal_max_fil      0xf98           0x6c         108   
.text.lp_FIR_filter_60H     0x1004           0x64         100   
.text.insert_bpm            0x1068           0x64         100   
.text.read_p_wave_buffe     0x10cc           0x64         100   
.text.ADC0_Initialize       0x1130           0x5c          92   
.text.__libc_start_init     0x118c           0x5c          92   
.text.SERCOM2_USART_Int     0x11e8           0x58          88   
.text.SERCOM2_USART_ISR     0x1240           0x4c          76   
.text.moving_window_int     0x128c           0x48          72   
.text.TC0_TimerInitiali     0x12d4           0x44          68   
.text                       0x1318           0x40          64  App's exec code 
.text.sample_adc_data       0x1358           0x40          64   
.text.moving_window_dif     0x1398           0x3c          60   
[...]
Memory Configuration

Name             Origin             Length             Attributes
rom              0x0000000000000000 0x0000000000100000 xrl
ram              0x0000000020000000 0x0000000000040000 xw !r
tcm              0x0000000003000000 0x0000000000000000 xw
bkupram          0x0000000047000000 0x0000000000002000
config_00804000  0x0000000000804000 0x0000000000000004
config_00804004  0x0000000000804004 0x0000000000000004
config_00804008  0x0000000000804008 0x0000000000000004
*default*        0x0000000000000000 0xffffffffffffffff

Linker script and memory map

LOAD c:/program files/microchip/xc32/v4.50/bin/bin/../../lib/gcc/pic32c/8.3.1/thumb/v7e-m+fp/hard/crti.o
LOAD c:/program files/microchip/xc32/v4.50/bin/bin/../../lib/gcc/pic32c/8.3.1/thumb/v7e-m+fp/hard/crtbegin.o
LOAD build/default/production/_ext/1434821282/bsp.o
LOAD build/default/production/_ext/60163342/plib_adc0.o
LOAD build/default/production/_ext/1984496892/plib_clock.o
LOAD build/default/production/_ext/1865131932/plib_cmcc.o
LOAD build/default/production/_ext/1986646378/plib_evsys.o
LOAD build/default/production/_ext/1865468468/plib_nvic.o
LOAD build/default/production/_ext/1593096446/plib_nvmctrl.o
LOAD build/default/production/_ext/1865521619/plib_port.o
LOAD build/default/production/_ext/504274921/plib_sercom2_usart.o
LOAD build/default/production/_ext/829342655/plib_tc0.o
LOAD build/default/production/_ext/163028504/xc32_monitor.o
LOAD build/default/production/_ext/1171490990/interrupts.o
LOAD build/default/production/_ext/1171490990/exceptions.o
LOAD build/default/production/_ext/1171490990/initialization.o
LOAD build/default/production/_ext/1171490990/startup_xc32.o
LOAD build/default/production/_ext/1171490990/libc_syscalls.o
LOAD build/default/production/_ext/1360937237/PT_algorithm.o
LOAD build/default/production/_ext/1360937237/QRS_algorithm.o
LOAD build/default/production/_ext/1360937237/main.o
                0x0000000000000001                __MPLAB_BUILD = 0x1
                0x0000000000100000                __rom_end = (ORIGIN (rom) + LENGTH (rom))
                0x0000000020040000                __ram_end = (ORIGIN (ram) + LENGTH (ram))

.config_00804000
 *(.config_00804000)

.config_00804004
 *(.config_00804004)

.config_00804008
 *(.config_00804008)

.vectors        0x0000000000000000      0x264
                0x0000000000000000                . = ALIGN (0x4)
                0x0000000000000000                _sfixed = .
 *(.vectors .vectors.* .vectors_default .vectors_default.*)
 .vectors.exception_table
                0x0000000000000000      0x264 build/default/production/_ext/1171490990/interrupts.o
                0x0000000000000000                exception_table
 *(.isr_vector)
 *(.reset*)
 *(.after_vectors)

.text           0x0000000000000264       0x20
                0x0000000000000264                . = ALIGN (0x4)
 *(.glue_7t)
 .glue_7t       0x0000000000000264        0x0 linker stubs
 *(.glue_7)
 .glue_7        0x0000000000000264        0x0 linker stubs
 *(.gnu.linkonce.r.*)
 *(.ARM.extab* .gnu.linkonce.armextab.*)
                0x0000000000000264                . = ALIGN (0x4)
 *(.init)
 .init          0x0000000000000264        0x4 c:/program files/microchip/xc32/v4.50/bin/bin/../../lib/gcc/pic32c/8.3.1/thumb/v7e-m+fp/hard/crti.o
                0x0000000000000264                _init
 .init          0x0000000000000268        0x8 c:/program files/microchip/xc32/v4.50/bin/bin/../../lib/gcc/pic32c/8.3.1/thumb/v7e-m+fp/hard/crtn.o
                0x0000000000000270                . = ALIGN (0x4)
                0x0000000000000270                __preinit_array_start = .
 *(.preinit_array)
                0x0000000000000270                __preinit_array_end = .
                0x0000000000000270                . = ALIGN (0x4)
                0x0000000000000270                __init_array_start = .
 *(SORT_BY_NAME(.init_array.*))
 *(.init_array)
 .init_array    0x0000000000000270        0x4 c:/program files/microchip/xc32/v4.50/bin/bin/../../lib/gcc/pic32c/8.3.1/thumb/v7e-m+fp/hard/crtbegin.o
                0x0000000000000274                __init_array_end = .
                0x0000000000000274                . = ALIGN (0x4)
 *crtbegin.o(.ctors)
 *(EXCLUDE_FILE(*crtend.o) .ctors)
 *(SORT_BY_NAME(.ctors.*))
 *crtend.o(.ctors)
                0x0000000000000274                . = ALIGN (0x4)
 *(.fini)
 .fini          0x0000000000000274        0x4 c:/program files/microchip/xc32/v4.50/bin/bin/../../lib/gcc/pic32c/8.3.1/thumb/v7e-m+fp/hard/crti.o
                0x0000000000000274                _fini
 .fini          0x0000000000000278        0x8 c:/program files/microchip/xc32/v4.50/bin/bin/../../lib/gcc/pic32c/8.3.1/thumb/v7e-m+fp/hard/crtn.o
                0x0000000000000280                . = ALIGN (0x4)
                0x0000000000000280                __fini_array_start = .
 *(.fini_array)
 .fini_array    0x0000000000000280        0x4 c:/program files/microchip/xc32/v4.50/bin/bin/../../lib/gcc/pic32c/8.3.1/thumb/v7e-m+fp/hard/crtbegin.o
 *(SORT_BY_NAME(.fini_array.*))
                0x0000000000000284                __fini_array_end = .
 *crtbegin.o(.dtors)
 *(EXCLUDE_FILE(*crtend.o) .dtors)
 *(SORT_BY_NAME(.dtors.*))
 *crtend.o(.dtors)
                0x0000000000000284                . = ALIGN (0x4)
                0x0000000000000284                _efixed = .
                [!provide]                        PROVIDE (__exidx_start = .)

.ARM.exidx
 *(.ARM.exidx* .gnu.linkonce.armexidx.*)
                [!provide]                        PROVIDE (__exidx_end = .)
                0x0000000000000284                . = ALIGN (0x4)
                0x0000000000000284                _etext = .

.bss            0x0000000020000000        0x0
                0x0000000020000000                . = ALIGN (0x4)
                0x0000000020000000                __bss_start__ = .
                0x0000000020000000                _sbss = .
                0x0000000020000000                _szero = .
 *(COMMON)
                0x0000000020000000                . = ALIGN (0x4)
                0x0000000020000000                __bss_end__ = .
                0x0000000020000000                _ebss = .
                0x0000000020000000                _ezero = .
                0x0000000020000000                . = ALIGN (0x4)
                0x0000000020000000                _end = .
                0x000000002003ffff                _ram_end_ = ((ORIGIN (ram) + LENGTH (ram)) - 0x1)

.bkupram_bss
 *(.bkupram_bss .bkupram_bss.*)
 *(.pbss .pbss.*)
                0x0000000000000200                _min_heap_size = 0x200
START GROUP
LOAD c:/program files/microchip/xc32/v4.50/bin/bin/../../lib/gcc/pic32c/8.3.1/../../../../pic32c/lib/thumb/v7e-m+fp/hard\libpic32c.a
LOAD c:/program files/microchip/xc32/v4.50/bin/bin/../../lib/gcc/pic32c/8.3.1/../../../../pic32c/lib/thumb/v7e-m+fp/hard\libc-size-musl.a
LOAD c:/program files/microchip/xc32/v4.50/bin/bin/../../lib/gcc/pic32c/8.3.1/../../../../pic32c/lib/thumb/v7e-m+fp/hard\liblmalloc-musl.a
LOAD c:/program files/microchip/xc32/v4.50/bin/bin/../../lib/gcc/pic32c/8.3.1/../../../../pic32c/lib/thumb/v7e-m+fp/hard\libm-fast-emfloat.a
LOAD c:/program files/microchip/xc32/v4.50/bin/bin/../../lib/gcc/pic32c/8.3.1/../../../../pic32c/lib/thumb/v7e-m+fp/hard\libm-musl.a
LOAD c:/program files/microchip/xc32/v4.50/bin/bin/../../lib/gcc/pic32c/8.3.1/../../../../pic32c/lib/thumb/v7e-m+fp/hard\libc-musl.a
LOAD c:/program files/microchip/xc32/v4.50/bin/bin/../../lib/gcc/pic32c/8.3.1/../../../../pic32c/lib/thumb/v7e-m+fp/hard\libm-fast-emfloat.a
LOAD c:/program files/microchip/xc32/v4.50/bin/bin/../../lib/gcc/pic32c/8.3.1/../../../../pic32c/lib/thumb/v7e-m+fp/hard\libm-musl.a
LOAD c:/program files/microchip/xc32/v4.50/bin/bin/../../lib/gcc/pic32c/8.3.1/thumb/v7e-m+fp/hard\libgcc.a
END GROUP
LOAD c:/program files/microchip/xc32/v4.50/bin/bin/../../lib/gcc/pic32c/8.3.1/thumb/v7e-m+fp/hard/crtend.o
LOAD c:/program files/microchip/xc32/v4.50/bin/bin/../../lib/gcc/pic32c/8.3.1/thumb/v7e-m+fp/hard/crtn.o
OUTPUT(dist/default/production/SAME54_XPRO_Pan_Tompkins_QRS_V3.2.X.production.elf elf32-littlearm)
LOAD data_init
LOAD stack

.ARM.attributes
                0x0000000000000000       0x34
 .ARM.attributes
                0x0000000000000000       0x1e c:/program files/microchip/xc32/v4.50/bin/bin/../../lib/gcc/pic32c/8.3.1/thumb/v7e-m+fp/hard/crti.o
 .ARM.attributes
                0x000000000000001e       0x34 c:/program files/microchip/xc32/v4.50/bin/bin/../../lib/gcc/pic32c/8.3.1/thumb/v7e-m+fp/hard/crtbegin.o
 .ARM.attributes
                0x0000000000000052       0x34 build/default/production/_ext/1434821282/bsp.o
 .ARM.attributes
                0x0000000000000086       0x34 build/default/production/_ext/60163342/plib_adc0.o
 .ARM.attributes
                0x00000000000000ba       0x34 build/default/production/_ext/1984496892/plib_clock.o
 .ARM.attributes
                0x00000000000000ee       0x34 build/default/production/_ext/1986646378/plib_evsys.o
 .ARM.attributes
                0x0000000000000122       0x34 build/default/production/_ext/1865468468/plib_nvic.o
 .ARM.attributes
                0x0000000000000156       0x34 build/default/production/_ext/1593096446/plib_nvmctrl.o
 .ARM.attributes
                0x000000000000018a       0x34 build/default/production/_ext/1865521619/plib_port.o
 .ARM.attributes
                0x00000000000001be       0x34 build/default/production/_ext/504274921/plib_sercom2_usart.o
 .ARM.attributes
                0x00000000000001f2       0x34 build/default/production/_ext/829342655/plib_tc0.o
 .ARM.attributes
                0x0000000000000226       0x34 build/default/production/_ext/1171490990/interrupts.o
 .ARM.attributes
                0x000000000000025a       0x34 build/default/production/_ext/1171490990/exceptions.o
 .ARM.attributes
                0x000000000000028e       0x34 build/default/production/_ext/1171490990/initialization.o
 .ARM.attributes
                0x00000000000002c2       0x34 build/default/production/_ext/1171490990/startup_xc32.o
 .ARM.attributes
                0x00000000000002f6       0x34 build/default/production/_ext/1360937237/PT_algorithm.o
 .ARM.attributes
                0x000000000000032a       0x34 build/default/production/_ext/1360937237/QRS_algorithm.o
 .ARM.attributes
                0x000000000000035e       0x34 build/default/production/_ext/1360937237/main.o
 .ARM.attributes
                0x0000000000000392       0x34 c:/program files/microchip/xc32/v4.50/bin/bin/../../lib/gcc/pic32c/8.3.1/../../../../pic32c/lib/thumb/v7e-m+fp/hard\libpic32c.a(data_init.o)
 .ARM.attributes
                0x00000000000003c6       0x36 c:/program files/microchip/xc32/v4.50/bin/bin/../../lib/gcc/pic32c/8.3.1/../../../../pic32c/lib/thumb/v7e-m+fp/hard\libc-size-musl.a(memset.o)
 .ARM.attributes
                0x00000000000003fc       0x36 c:/program files/microchip/xc32/v4.50/bin/bin/../../lib/gcc/pic32c/8.3.1/../../../../pic32c/lib/thumb/v7e-m+fp/hard\libc-musl.a(__libc_start_main.o)
 .ARM.attributes
                0x0000000000000432       0x34 c:/program files/microchip/xc32/v4.50/bin/bin/../../lib/gcc/pic32c/8.3.1/../../../../pic32c/lib/thumb/v7e-m+fp/hard\libc-musl.a(libc.o)
 .ARM.attributes
                0x0000000000000466       0x34 c:/program files/microchip/xc32/v4.50/bin/bin/../../lib/gcc/pic32c/8.3.1/../../../../pic32c/lib/thumb/v7e-m+fp/hard\libc-musl.a(__environ.o)
 .ARM.attributes
                0x000000000000049a       0x1e c:/program files/microchip/xc32/v4.50/bin/bin/../../lib/gcc/pic32c/8.3.1/thumb/v7e-m+fp/hard/crtn.o
 .ARM.attributes
                0x00000000000004b8       0x34 c:/program files/microchip/xc32/v4.50/bin/bin/../../lib/gcc/pic32c/8.3.1/../../../../pic32c/lib/thumb/v7e-m+fp/hard\libpic32c.a(pic32_data_init_clear.o)
 .ARM.attributes
                0x00000000000004ec       0x34 c:/program files/microchip/xc32/v4.50/bin/bin/../../lib/gcc/pic32c/8.3.1/../../../../pic32c/lib/thumb/v7e-m+fp/hard\libpic32c.a(pic32_data_init_copy.o)

.comment        0x0000000000000000       0x2b
 .comment       0x0000000000000000       0x2b c:/program files/microchip/xc32/v4.50/bin/bin/../../lib/gcc/pic32c/8.3.1/thumb/v7e-m+fp/hard/crtbegin.o
                                         0x2c (size before relaxing)
 .comment       0x000000000000002b       0x2c build/default/production/_ext/1434821282/bsp.o
 .comment       0x000000000000002b       0x2c build/default/production/_ext/60163342/plib_adc0.o
 .comment       0x000000000000002b       0x2c build/default/production/_ext/1984496892/plib_clock.o
 .comment       0x000000000000002b       0x2c build/default/production/_ext/1986646378/plib_evsys.o
 .comment       0x000000000000002b       0x2c build/default/production/_ext/1865468468/plib_nvic.o
 .comment       0x000000000000002b       0x2c build/default/production/_ext/1593096446/plib_nvmctrl.o
 .comment       0x000000000000002b       0x2c build/default/production/_ext/1865521619/plib_port.o
 .comment       0x000000000000002b       0x2c build/default/production/_ext/504274921/plib_sercom2_usart.o
 .comment       0x000000000000002b       0x2c build/default/production/_ext/829342655/plib_tc0.o
 .comment       0x000000000000002b       0x2c build/default/production/_ext/1171490990/interrupts.o
 .comment       0x000000000000002b       0x2c build/default/production/_ext/1171490990/exceptions.o
 .comment       0x000000000000002b       0x2c build/default/production/_ext/1171490990/initialization.o
 .comment       0x000000000000002b       0x2c build/default/production/_ext/1171490990/startup_xc32.o
 .comment       0x000000000000002b       0x2c build/default/production/_ext/1360937237/PT_algorithm.o
 .comment       0x000000000000002b       0x2c build/default/production/_ext/1360937237/QRS_algorithm.o
 .comment       0x000000000000002b       0x2c build/default/production/_ext/1360937237/main.o
 .comment       0x000000000000002b       0x2c c:/program files/microchip/xc32/v4.50/bin/bin/../../lib/gcc/pic32c/8.3.1/../../../../pic32c/lib/thumb/v7e-m+fp/hard\libpic32c.a(data_init.o)
 .comment       0x000000000000002b       0x2c c:/program files/microchip/xc32/v4.50/bin/bin/../../lib/gcc/pic32c/8.3.1/../../../../pic32c/lib/thumb/v7e-m+fp/hard\libc-size-musl.a(memset.o)
 .comment       0x000000000000002b       0x2c c:/program files/microchip/xc32/v4.50/bin/bin/../../lib/gcc/pic32c/8.3.1/../../../../pic32c/lib/thumb/v7e-m+fp/hard\libc-musl.a(__libc_start_main.o)
 .comment       0x000000000000002b       0x2c c:/program files/microchip/xc32/v4.50/bin/bin/../../lib/gcc/pic32c/8.3.1/../../../../pic32c/lib/thumb/v7e-m+fp/hard\libc-musl.a(libc.o)
 .comment       0x000000000000002b       0x2c c:/program files/microchip/xc32/v4.50/bin/bin/../../lib/gcc/pic32c/8.3.1/../../../../pic32c/lib/thumb/v7e-m+fp/hard\libc-musl.a(__environ.o)
 .comment       0x000000000000002b       0x2c c:/program files/microchip/xc32/v4.50/bin/bin/../../lib/gcc/pic32c/8.3.1/../../../../pic32c/lib/thumb/v7e-m+fp/hard\libpic32c.a(pic32_data_init_clear.o)
 .comment       0x000000000000002b       0x2c c:/program files/microchip/xc32/v4.50/bin/bin/../../lib/gcc/pic32c/8.3.1/../../../../pic32c/lib/thumb/v7e-m+fp/hard\libpic32c.a(pic32_data_init_copy.o)

.debug_info     0x0000000000000000     0x8008
 .debug_info    0x0000000000000000      0x246 build/default/production/_ext/1434821282/bsp.o
 .debug_info    0x0000000000000246      0x635 build/default/production/_ext/60163342/plib_adc0.o
 .debug_info    0x000000000000087b      0x639 build/default/production/_ext/1984496892/plib_clock.o
 .debug_info    0x0000000000000eb4       0x9b build/default/production/_ext/1986646378/plib_evsys.o
 .debug_info    0x0000000000000f4f      0xd5d build/default/production/_ext/1865468468/plib_nvic.o
 .debug_info    0x0000000000001cac      0x8e5 build/default/production/_ext/1593096446/plib_nvmctrl.o
 .debug_info    0x0000000000002591      0x81b build/default/production/_ext/1865521619/plib_port.o
 .debug_info    0x0000000000002dac     0x1826 build/default/production/_ext/504274921/plib_sercom2_usart.o
 .debug_info    0x00000000000045d2      0x814 build/default/production/_ext/829342655/plib_tc0.o
 .debug_info    0x0000000000004de6      0xa90 build/default/production/_ext/1171490990/interrupts.o
 .debug_info    0x0000000000005876      0x116 build/default/production/_ext/1171490990/exceptions.o
 .debug_info    0x000000000000598c      0x18e build/default/production/_ext/1171490990/initialization.o
 .debug_info    0x0000000000005b1a      0x559 build/default/production/_ext/1171490990/startup_xc32.o
 .debug_info    0x0000000000006073      0x458 build/default/production/_ext/1360937237/PT_algorithm.o
 .debug_info    0x00000000000064cb      0xa8f build/default/production/_ext/1360937237/QRS_algorithm.o
 .debug_info    0x0000000000006f5a      0x904 build/default/production/_ext/1360937237/main.o
 .debug_info    0x000000000000785e       0x68 c:/program files/microchip/xc32/v4.50/bin/bin/../../lib/gcc/pic32c/8.3.1/../../../../pic32c/lib/thumb/v7e-m+fp/hard\libpic32c.a(data_init.o)
 .debug_info    0x00000000000078c6       0xbb c:/program files/microchip/xc32/v4.50/bin/bin/../../lib/gcc/pic32c/8.3.1/../../../../pic32c/lib/thumb/v7e-m+fp/hard\libc-size-musl.a(memset.o)
 .debug_info    0x0000000000007981      0x2fb c:/program files/microchip/xc32/v4.50/bin/bin/../../lib/gcc/pic32c/8.3.1/../../../../pic32c/lib/thumb/v7e-m+fp/hard\libc-musl.a(__libc_start_main.o)
 .debug_info    0x0000000000007c7c      0x276 c:/program files/microchip/xc32/v4.50/bin/bin/../../lib/gcc/pic32c/8.3.1/../../../../pic32c/lib/thumb/v7e-m+fp/hard\libc-musl.a(libc.o)
 .debug_info    0x0000000000007ef2       0x97 c:/program files/microchip/xc32/v4.50/bin/bin/../../lib/gcc/pic32c/8.3.1/../../../../pic32c/lib/thumb/v7e-m+fp/hard\libc-musl.a(__environ.o)
 .debug_info    0x0000000000007f89       0x3f c:/program files/microchip/xc32/v4.50/bin/bin/../../lib/gcc/pic32c/8.3.1/../../../../pic32c/lib/thumb/v7e-m+fp/hard\libpic32c.a(pic32_data_init_clear.o)
 .debug_info    0x0000000000007fc8       0x40 c:/program files/microchip/xc32/v4.50/bin/bin/../../lib/gcc/pic32c/8.3.1/../../../../pic32c/lib/thumb/v7e-m+fp/hard\libpic32c.a(pic32_data_init_copy.o)

.debug_abbrev   0x0000000000000000     0x1dfe
 .debug_abbrev  0x0000000000000000       0xb3 build/default/production/_ext/1434821282/bsp.o
 .debug_abbrev  0x00000000000000b3      0x158 build/default/production/_ext/60163342/plib_adc0.o
 .debug_abbrev  0x000000000000020b      0x10b build/default/production/_ext/1984496892/plib_clock.o
 .debug_abbrev  0x0000000000000316       0x46 build/default/production/_ext/1986646378/plib_evsys.o
 .debug_abbrev  0x000000000000035c      0x269 build/default/production/_ext/1865468468/plib_nvic.o
 .debug_abbrev  0x00000000000005c5      0x23c build/default/production/_ext/1593096446/plib_nvmctrl.o
 .debug_abbrev  0x0000000000000801      0x1ea build/default/production/_ext/1865521619/plib_port.o
 .debug_abbrev  0x00000000000009eb      0x41f build/default/production/_ext/504274921/plib_sercom2_usart.o
 .debug_abbrev  0x0000000000000e0a      0x1be build/default/production/_ext/829342655/plib_tc0.o
 .debug_abbrev  0x0000000000000fc8       0xc0 build/default/production/_ext/1171490990/interrupts.o
 .debug_abbrev  0x0000000000001088       0x49 build/default/production/_ext/1171490990/exceptions.o
 .debug_abbrev  0x00000000000010d1       0x96 build/default/production/_ext/1171490990/initialization.o
 .debug_abbrev  0x0000000000001167      0x1e3 build/default/production/_ext/1171490990/startup_xc32.o
 .debug_abbrev  0x000000000000134a      0x135 build/default/production/_ext/1360937237/PT_algorithm.o
 .debug_abbrev  0x000000000000147f      0x336 build/default/production/_ext/1360937237/QRS_algorithm.o
 .debug_abbrev  0x00000000000017b5      0x29e build/default/production/_ext/1360937237/main.o
 .debug_abbrev  0x0000000000001a53       0x44 c:/program files/microchip/xc32/v4.50/bin/bin/../../lib/gcc/pic32c/8.3.1/../../../../pic32c/lib/thumb/v7e-m+fp/hard\libpic32c.a(data_init.o)
 .debug_abbrev  0x0000000000001a97       0xa2 c:/program files/microchip/xc32/v4.50/bin/bin/../../lib/gcc/pic32c/8.3.1/../../../../pic32c/lib/thumb/v7e-m+fp/hard\libc-size-musl.a(memset.o)
 .debug_abbrev  0x0000000000001b39      0x133 c:/program files/microchip/xc32/v4.50/bin/bin/../../lib/gcc/pic32c/8.3.1/../../../../pic32c/lib/thumb/v7e-m+fp/hard\libc-musl.a(__libc_start_main.o)
 .debug_abbrev  0x0000000000001c6c       0xd4 c:/program files/microchip/xc32/v4.50/bin/bin/../../lib/gcc/pic32c/8.3.1/../../../../pic32c/lib/thumb/v7e-m+fp/hard\libc-musl.a(libc.o)
 .debug_abbrev  0x0000000000001d40       0x62 c:/program files/microchip/xc32/v4.50/bin/bin/../../lib/gcc/pic32c/8.3.1/../../../../pic32c/lib/thumb/v7e-m+fp/hard\libc-musl.a(__environ.o)
 .debug_abbrev  0x0000000000001da2       0x2e c:/program files/microchip/xc32/v4.50/bin/bin/../../lib/gcc/pic32c/8.3.1/../../../../pic32c/lib/thumb/v7e-m+fp/hard\libpic32c.a(pic32_data_init_clear.o)
 .debug_abbrev  0x0000000000001dd0       0x2e c:/program files/microchip/xc32/v4.50/bin/bin/../../lib/gcc/pic32c/8.3.1/../../../../pic32c/lib/thumb/v7e-m+fp/hard\libpic32c.a(pic32_data_init_copy.o)

.debug_aranges  0x0000000000000000      0x630
 .debug_aranges
                0x0000000000000000       0x20 build/default/production/_ext/1434821282/bsp.o
 .debug_aranges
                0x0000000000000020       0x80 build/default/production/_ext/60163342/plib_adc0.o
 .debug_aranges
                0x00000000000000a0       0x20 build/default/production/_ext/1984496892/plib_clock.o
 .debug_aranges
                0x00000000000000c0       0x20 build/default/production/_ext/1986646378/plib_evsys.o
 .debug_aranges
                0x00000000000000e0       0x48 build/default/production/_ext/1865468468/plib_nvic.o
 .debug_aranges
                0x0000000000000128       0xd8 build/default/production/_ext/1593096446/plib_nvmctrl.o
 .debug_aranges
                0x0000000000000200       0x70 build/default/production/_ext/1865521619/plib_port.o
 .debug_aranges
                0x0000000000000270       0xe8 build/default/production/_ext/504274921/plib_sercom2_usart.o
 .debug_aranges
                0x0000000000000358       0x70 build/default/production/_ext/829342655/plib_tc0.o
 .debug_aranges
                0x00000000000003c8       0x20 build/default/production/_ext/1171490990/interrupts.o
 .debug_aranges
                0x00000000000003e8       0x48 build/default/production/_ext/1171490990/exceptions.o
 .debug_aranges
                0x0000000000000430       0x20 build/default/production/_ext/1171490990/initialization.o
 .debug_aranges
                0x0000000000000450       0x28 build/default/production/_ext/1171490990/startup_xc32.o
 .debug_aranges
                0x0000000000000478       0x50 build/default/production/_ext/1360937237/PT_algorithm.o
 .debug_aranges
                0x00000000000004c8       0x50 build/default/production/_ext/1360937237/QRS_algorithm.o
 .debug_aranges
                0x0000000000000518       0x30 build/default/production/_ext/1360937237/main.o
 .debug_aranges
                0x0000000000000548       0x30 c:/program files/microchip/xc32/v4.50/bin/bin/../../lib/gcc/pic32c/8.3.1/../../../../pic32c/lib/thumb/v7e-m+fp/hard\libpic32c.a(data_init.o)
 .debug_aranges
                0x0000000000000578       0x20 c:/program files/microchip/xc32/v4.50/bin/bin/../../lib/gcc/pic32c/8.3.1/../../../../pic32c/lib/thumb/v7e-m+fp/hard\libc-size-musl.a(memset.o)
 .debug_aranges
                0x0000000000000598       0x28 c:/program files/microchip/xc32/v4.50/bin/bin/../../lib/gcc/pic32c/8.3.1/../../../../pic32c/lib/thumb/v7e-m+fp/hard\libc-musl.a(__libc_start_main.o)
 .debug_aranges
                0x00000000000005c0       0x18 c:/program files/microchip/xc32/v4.50/bin/bin/../../lib/gcc/pic32c/8.3.1/../../../../pic32c/lib/thumb/v7e-m+fp/hard\libc-musl.a(libc.o)
 .debug_aranges
                0x00000000000005d8       0x18 c:/program files/microchip/xc32/v4.50/bin/bin/../../lib/gcc/pic32c/8.3.1/../../../../pic32c/lib/thumb/v7e-m+fp/hard\libc-musl.a(__environ.o)
 .debug_aranges
                0x00000000000005f0       0x20 c:/program files/microchip/xc32/v4.50/bin/bin/../../lib/gcc/pic32c/8.3.1/../../../../pic32c/lib/thumb/v7e-m+fp/hard\libpic32c.a(pic32_data_init_clear.o)
 .debug_aranges
                0x0000000000000610       0x20 c:/program files/microchip/xc32/v4.50/bin/bin/../../lib/gcc/pic32c/8.3.1/../../../../pic32c/lib/thumb/v7e-m+fp/hard\libpic32c.a(pic32_data_init_copy.o)

.debug_ranges   0x0000000000000000      0x6c0
 .debug_ranges  0x0000000000000000       0x10 build/default/production/_ext/1434821282/bsp.o
 .debug_ranges  0x0000000000000010       0x70 build/default/production/_ext/60163342/plib_adc0.o
 .debug_ranges  0x0000000000000080       0x10 build/default/production/_ext/1984496892/plib_clock.o
 .debug_ranges  0x0000000000000090       0x10 build/default/production/_ext/1986646378/plib_evsys.o
 .debug_ranges  0x00000000000000a0       0x38 build/default/production/_ext/1865468468/plib_nvic.o
 .debug_ranges  0x00000000000000d8       0xc8 build/default/production/_ext/1593096446/plib_nvmctrl.o
 .debug_ranges  0x00000000000001a0       0x60 build/default/production/_ext/1865521619/plib_port.o
 .debug_ranges  0x0000000000000200      0x1d0 build/default/production/_ext/504274921/plib_sercom2_usart.o
 .debug_ranges  0x00000000000003d0       0x60 build/default/production/_ext/829342655/plib_tc0.o
 .debug_ranges  0x0000000000000430       0x10 build/default/production/_ext/1171490990/interrupts.o
 .debug_ranges  0x0000000000000440       0x38 build/default/production/_ext/1171490990/exceptions.o
 .debug_ranges  0x0000000000000478       0x10 build/default/production/_ext/1171490990/initialization.o
 .debug_ranges  0x0000000000000488       0x18 build/default/production/_ext/1171490990/startup_xc32.o
 .debug_ranges  0x00000000000004a0       0x88 build/default/production/_ext/1360937237/PT_algorithm.o
 .debug_ranges  0x0000000000000528       0x88 build/default/production/_ext/1360937237/QRS_algorithm.o
 .debug_ranges  0x00000000000005b0       0x80 build/default/production/_ext/1360937237/main.o
 .debug_ranges  0x0000000000000630       0x20 c:/program files/microchip/xc32/v4.50/bin/bin/../../lib/gcc/pic32c/8.3.1/../../../../pic32c/lib/thumb/v7e-m+fp/hard\libpic32c.a(data_init.o)
 .debug_ranges  0x0000000000000650       0x10 c:/program files/microchip/xc32/v4.50/bin/bin/../../lib/gcc/pic32c/8.3.1/../../../../pic32c/lib/thumb/v7e-m+fp/hard\libc-size-musl.a(memset.o)
 .debug_ranges  0x0000000000000660       0x40 c:/program files/microchip/xc32/v4.50/bin/bin/../../lib/gcc/pic32c/8.3.1/../../../../pic32c/lib/thumb/v7e-m+fp/hard\libc-musl.a(__libc_start_main.o)
 .debug_ranges  0x00000000000006a0       0x10 c:/program files/microchip/xc32/v4.50/bin/bin/../../lib/gcc/pic32c/8.3.1/../../../../pic32c/lib/thumb/v7e-m+fp/hard\libpic32c.a(pic32_data_init_clear.o)
 .debug_ranges  0x00000000000006b0       0x10 c:/program files/microchip/xc32/v4.50/bin/bin/../../lib/gcc/pic32c/8.3.1/../../../../pic32c/lib/thumb/v7e-m+fp/hard\libpic32c.a(pic32_data_init_copy.o)

.debug_line     0x0000000000000000     0x3e9a
 .debug_line    0x0000000000000000       0xd8 build/default/production/_ext/1434821282/bsp.o
 .debug_line    0x00000000000000d8      0x35c build/default/production/_ext/60163342/plib_adc0.o
 .debug_line    0x0000000000000434      0x295 build/default/production/_ext/1984496892/plib_clock.o
 .debug_line    0x00000000000006c9       0x66 build/default/production/_ext/1986646378/plib_evsys.o
 .debug_line    0x000000000000072f      0x4b2 build/default/production/_ext/1865468468/plib_nvic.o
 .debug_line    0x0000000000000be1      0x5b9 build/default/production/_ext/1593096446/plib_nvmctrl.o
 .debug_line    0x000000000000119a      0x32d build/default/production/_ext/1865521619/plib_port.o
 .debug_line    0x00000000000014c7      0xcc6 build/default/production/_ext/504274921/plib_sercom2_usart.o
 .debug_line    0x000000000000218d      0x31c build/default/production/_ext/829342655/plib_tc0.o
 .debug_line    0x00000000000024a9       0xba build/default/production/_ext/1171490990/interrupts.o
 .debug_line    0x0000000000002563       0xc7 build/default/production/_ext/1171490990/exceptions.o
 .debug_line    0x000000000000262a      0x24d build/default/production/_ext/1171490990/initialization.o
 .debug_line    0x0000000000002877      0x264 build/default/production/_ext/1171490990/startup_xc32.o
 .debug_line    0x0000000000002adb      0x2bb build/default/production/_ext/1360937237/PT_algorithm.o
 .debug_line    0x0000000000002d96      0x69c build/default/production/_ext/1360937237/QRS_algorithm.o
 .debug_line    0x0000000000003432      0x469 build/default/production/_ext/1360937237/main.o
 .debug_line    0x000000000000389b       0xa7 c:/program files/microchip/xc32/v4.50/bin/bin/../../lib/gcc/pic32c/8.3.1/../../../../pic32c/lib/thumb/v7e-m+fp/hard\libpic32c.a(data_init.o)
 .debug_line    0x0000000000003942       0xe6 c:/program files/microchip/xc32/v4.50/bin/bin/../../lib/gcc/pic32c/8.3.1/../../../../pic32c/lib/thumb/v7e-m+fp/hard\libc-size-musl.a(memset.o)
 .debug_line    0x0000000000003a28      0x1cd c:/program files/microchip/xc32/v4.50/bin/bin/../../lib/gcc/pic32c/8.3.1/../../../../pic32c/lib/thumb/v7e-m+fp/hard\libc-musl.a(__libc_start_main.o)
 .debug_line    0x0000000000003bf5       0xb8 c:/program files/microchip/xc32/v4.50/bin/bin/../../lib/gcc/pic32c/8.3.1/../../../../pic32c/lib/thumb/v7e-m+fp/hard\libc-musl.a(libc.o)
 .debug_line    0x0000000000003cad      0x101 c:/program files/microchip/xc32/v4.50/bin/bin/../../lib/gcc/pic32c/8.3.1/../../../../pic32c/lib/thumb/v7e-m+fp/hard\libc-musl.a(__environ.o)
 .debug_line    0x0000000000003dae       0x72 c:/program files/microchip/xc32/v4.50/bin/bin/../../lib/gcc/pic32c/8.3.1/../../../../pic32c/lib/thumb/v7e-m+fp/hard\libpic32c.a(pic32_data_init_clear.o)
 .debug_line    0x0000000000003e20       0x7a c:/program files/microchip/xc32/v4.50/bin/bin/../../lib/gcc/pic32c/8.3.1/../../../../pic32c/lib/thumb/v7e-m+fp/hard\libpic32c.a(pic32_data_init_copy.o)

.debug_str      0x0000000000000000     0x8bbc
 .debug_str     0x0000000000000000      0x3bf build/default/production/_ext/1434821282/bsp.o
 .debug_str     0x00000000000003bf      0x8f1 build/default/production/_ext/60163342/plib_adc0.o
 .debug_str     0x0000000000000cb0      0x6a0 build/default/production/_ext/1984496892/plib_clock.o
 .debug_str     0x0000000000001350      0x2fc build/default/production/_ext/1986646378/plib_evsys.o
 .debug_str     0x000000000000164c      0xd96 build/default/production/_ext/1865468468/plib_nvic.o
 .debug_str     0x00000000000023e2      0x6fd build/default/production/_ext/1593096446/plib_nvmctrl.o
 .debug_str     0x0000000000002adf      0xbae build/default/production/_ext/1865521619/plib_port.o
 .debug_str     0x000000000000368d      0xdf8 build/default/production/_ext/504274921/plib_sercom2_usart.o
 .debug_str     0x0000000000004485      0x619 build/default/production/_ext/829342655/plib_tc0.o
 .debug_str     0x0000000000004a9e      0xf5e build/default/production/_ext/1171490990/interrupts.o
 .debug_str     0x00000000000059fc      0x35b build/default/production/_ext/1171490990/exceptions.o
 .debug_str     0x0000000000005d57      0x399 build/default/production/_ext/1171490990/initialization.o
 .debug_str     0x00000000000060f0      0x495 build/default/production/_ext/1171490990/startup_xc32.o
 .debug_str     0x0000000000006585      0x47a build/default/production/_ext/1360937237/PT_algorithm.o
 .debug_str     0x00000000000069ff      0x857 build/default/production/_ext/1360937237/QRS_algorithm.o
 .debug_str     0x0000000000007256      0x81f build/default/production/_ext/1360937237/main.o
 .debug_str     0x0000000000007a75      0x206 c:/program files/microchip/xc32/v4.50/bin/bin/../../lib/gcc/pic32c/8.3.1/../../../../pic32c/lib/thumb/v7e-m+fp/hard\libpic32c.a(data_init.o)
 .debug_str     0x0000000000007c7b      0x221 c:/program files/microchip/xc32/v4.50/bin/bin/../../lib/gcc/pic32c/8.3.1/../../../../pic32c/lib/thumb/v7e-m+fp/hard\libc-size-musl.a(memset.o)
 .debug_str     0x0000000000007e9c      0x3da c:/program files/microchip/xc32/v4.50/bin/bin/../../lib/gcc/pic32c/8.3.1/../../../../pic32c/lib/thumb/v7e-m+fp/hard\libc-musl.a(__libc_start_main.o)
 .debug_str     0x0000000000008276      0x345 c:/program files/microchip/xc32/v4.50/bin/bin/../../lib/gcc/pic32c/8.3.1/../../../../pic32c/lib/thumb/v7e-m+fp/hard\libc-musl.a(libc.o)
 .debug_str     0x00000000000085bb      0x245 c:/program files/microchip/xc32/v4.50/bin/bin/../../lib/gcc/pic32c/8.3.1/../../../../pic32c/lib/thumb/v7e-m+fp/hard\libc-musl.a(__environ.o)
 .debug_str     0x0000000000008800      0x1df c:/program files/microchip/xc32/v4.50/bin/bin/../../lib/gcc/pic32c/8.3.1/../../../../pic32c/lib/thumb/v7e-m+fp/hard\libpic32c.a(pic32_data_init_clear.o)
 .debug_str     0x00000000000089df      0x1dd c:/program files/microchip/xc32/v4.50/bin/bin/../../lib/gcc/pic32c/8.3.1/../../../../pic32c/lib/thumb/v7e-m+fp/hard\libpic32c.a(pic32_data_init_copy.o)

.debug_frame    0x0000000000000000      0xb20
 .debug_frame   0x0000000000000000       0x20 build/default/production/_ext/1434821282/bsp.o
 .debug_frame   0x0000000000000020       0xe0 build/default/production/_ext/60163342/plib_adc0.o
 .debug_frame   0x0000000000000100       0x20 build/default/production/_ext/1984496892/plib_clock.o
 .debug_frame   0x0000000000000120       0x20 build/default/production/_ext/1986646378/plib_evsys.o
 .debug_frame   0x0000000000000140       0x7c build/default/production/_ext/1865468468/plib_nvic.o
 .debug_frame   0x00000000000001bc      0x1d8 build/default/production/_ext/1593096446/plib_nvmctrl.o
 .debug_frame   0x0000000000000394       0xd8 build/default/production/_ext/1865521619/plib_port.o
 .debug_frame   0x000000000000046c      0x248 build/default/production/_ext/504274921/plib_sercom2_usart.o
 .debug_frame   0x00000000000006b4       0xc8 build/default/production/_ext/829342655/plib_tc0.o
 .debug_frame   0x000000000000077c       0x20 build/default/production/_ext/1171490990/interrupts.o
 .debug_frame   0x000000000000079c       0x70 build/default/production/_ext/1171490990/exceptions.o
 .debug_frame   0x000000000000080c       0x28 build/default/production/_ext/1171490990/initialization.o
 .debug_frame   0x0000000000000834       0x38 build/default/production/_ext/1171490990/startup_xc32.o
 .debug_frame   0x000000000000086c       0xbc build/default/production/_ext/1360937237/PT_algorithm.o
 .debug_frame   0x0000000000000928       0xac build/default/production/_ext/1360937237/QRS_algorithm.o
 .debug_frame   0x00000000000009d4       0x5c build/default/production/_ext/1360937237/main.o
 .debug_frame   0x0000000000000a30       0x4c c:/program files/microchip/xc32/v4.50/bin/bin/../../lib/gcc/pic32c/8.3.1/../../../../pic32c/lib/thumb/v7e-m+fp/hard\libpic32c.a(data_init.o)
 .debug_frame   0x0000000000000a7c       0x20 c:/program files/microchip/xc32/v4.50/bin/bin/../../lib/gcc/pic32c/8.3.1/../../../../pic32c/lib/thumb/v7e-m+fp/hard\libc-size-musl.a(memset.o)
 .debug_frame   0x0000000000000a9c       0x3c c:/program files/microchip/xc32/v4.50/bin/bin/../../lib/gcc/pic32c/8.3.1/../../../../pic32c/lib/thumb/v7e-m+fp/hard\libc-musl.a(__libc_start_main.o)
 .debug_frame   0x0000000000000ad8       0x20 c:/program files/microchip/xc32/v4.50/bin/bin/../../lib/gcc/pic32c/8.3.1/../../../../pic32c/lib/thumb/v7e-m+fp/hard\libpic32c.a(pic32_data_init_clear.o)
 .debug_frame   0x0000000000000af8       0x28 c:/program files/microchip/xc32/v4.50/bin/bin/../../lib/gcc/pic32c/8.3.1/../../../../pic32c/lib/thumb/v7e-m+fp/hard\libpic32c.a(pic32_data_init_copy.o)

.debug_loc      0x0000000000000000     0x2cd2
 .debug_loc     0x0000000000000000       0xa2 build/default/production/_ext/60163342/plib_adc0.o
 .debug_loc     0x00000000000000a2      0x2af build/default/production/_ext/1865468468/plib_nvic.o
 .debug_loc     0x0000000000000351      0x83e build/default/production/_ext/1593096446/plib_nvmctrl.o
 .debug_loc     0x0000000000000b8f      0x23d build/default/production/_ext/1865521619/plib_port.o
 .debug_loc     0x0000000000000dcc      0xbfe build/default/production/_ext/504274921/plib_sercom2_usart.o
 .debug_loc     0x00000000000019ca       0x74 build/default/production/_ext/829342655/plib_tc0.o
 .debug_loc     0x0000000000001a3e       0x45 build/default/production/_ext/1171490990/initialization.o
 .debug_loc     0x0000000000001a83       0x4a build/default/production/_ext/1171490990/startup_xc32.o
 .debug_loc     0x0000000000001acd      0x46b build/default/production/_ext/1360937237/PT_algorithm.o
 .debug_loc     0x0000000000001f38      0x9e2 build/default/production/_ext/1360937237/QRS_algorithm.o
 .debug_loc     0x000000000000291a      0x2c2 build/default/production/_ext/1360937237/main.o
 .debug_loc     0x0000000000002bdc       0x14 c:/program files/microchip/xc32/v4.50/bin/bin/../../lib/gcc/pic32c/8.3.1/../../../../pic32c/lib/thumb/v7e-m+fp/hard\libpic32c.a(data_init.o)
 .debug_loc     0x0000000000002bf0       0x7d c:/program files/microchip/xc32/v4.50/bin/bin/../../lib/gcc/pic32c/8.3.1/../../../../pic32c/lib/thumb/v7e-m+fp/hard\libc-size-musl.a(memset.o)
 .debug_loc     0x0000000000002c6d       0x51 c:/program files/microchip/xc32/v4.50/bin/bin/../../lib/gcc/pic32c/8.3.1/../../../../pic32c/lib/thumb/v7e-m+fp/hard\libc-musl.a(__libc_start_main.o)
 .debug_loc     0x0000000000002cbe       0x14 c:/program files/microchip/xc32/v4.50/bin/bin/../../lib/gcc/pic32c/8.3.1/../../../../pic32c/lib/thumb/v7e-m+fp/hard\libpic32c.a(pic32_data_init_copy.o)

.note.GNU-stack
                0x0000000000000000        0x0
 .note.GNU-stack
                0x0000000000000000        0x0 c:/program files/microchip/xc32/v4.50/bin/bin/../../lib/gcc/pic32c/8.3.1/../../../../pic32c/lib/thumb/v7e-m+fp/hard\libc-size-musl.a(memset.o)
 .note.GNU-stack
                0x0000000000000000        0x0 c:/program files/microchip/xc32/v4.50/bin/bin/../../lib/gcc/pic32c/8.3.1/../../../../pic32c/lib/thumb/v7e-m+fp/hard\libc-musl.a(__libc_start_main.o)
 .note.GNU-stack
                0x0000000000000000        0x0 c:/program files/microchip/xc32/v4.50/bin/bin/../../lib/gcc/pic32c/8.3.1/../../../../pic32c/lib/thumb/v7e-m+fp/hard\libc-musl.a(libc.o)
 .note.GNU-stack
                0x0000000000000000        0x0 c:/program files/microchip/xc32/v4.50/bin/bin/../../lib/gcc/pic32c/8.3.1/../../../../pic32c/lib/thumb/v7e-m+fp/hard\libc-musl.a(__environ.o)

.stack          0x0000000020019570      0x100
 .stack         0x0000000020019570      0x100 stack

.bss.pt_input_buffer%1
                0x0000000020000000    0x10000
 .bss.pt_input_buffer
                0x0000000020000000    0x10000 build/default/production/_ext/1360937237/QRS_algorithm.o

.bss.p_wave_buffer%2
                0x0000000020010000     0x8000
 .bss.p_wave_buffer
                0x0000000020010000     0x8000 build/default/production/_ext/1360937237/QRS_algorithm.o

.bss.ml_buffer%3
                0x0000000020018000      0xfa0
 .bss.ml_buffer
                0x0000000020018000      0xfa0 build/default/production/_ext/1360937237/main.o

.bss.mwi_stream%4
                0x0000000020018fa0       0xc8
 .bss.mwi_stream
                0x0000000020018fa0       0xc8 build/default/production/_ext/1360937237/PT_algorithm.o
                0x0000000020018fa0                mwi_stream

.bss.SERCOM2_USART_ReadBuffer%5
                0x0000000020019068       0x80
 .bss.SERCOM2_USART_ReadBuffer
                0x0000000020019068       0x80 build/default/production/_ext/504274921/plib_sercom2_usart.o

.bss.SERCOM2_USART_WriteBuffer%6
                0x00000000200190e8       0x80
 .bss.SERCOM2_USART_WriteBuffer
                0x00000000200190e8       0x80 build/default/production/_ext/504274921/plib_sercom2_usart.o

.bss%7          0x0000000020019168       0x50
 .bss           0x0000000020019168       0x50 c:/program files/microchip/xc32/v4.50/bin/bin/../../lib/gcc/pic32c/8.3.1/../../../../pic32c/lib/thumb/v7e-m+fp/hard\libc-musl.a(libc.o)
                0x0000000020019168                __progname_full
                0x0000000020019168                program_invocation_name
                0x000000002001916c                program_invocation_short_name
                0x000000002001916c                __progname
                0x0000000020019170                __sysinfo
                0x0000000020019174                __hwcap
                0x0000000020019178                __libc

.bss.sercom2USARTObj%8
                0x00000000200191b8       0x40
 .bss.sercom2USARTObj
                0x00000000200191b8       0x40 build/default/production/_ext/504274921/plib_sercom2_usart.o

.bss.bpm_buffer%9
                0x00000000200191f8       0x40
 .bss.bpm_buffer
                0x00000000200191f8       0x40 build/default/production/_ext/1360937237/QRS_algorithm.o

.bss.data_visualizer_data.9174%10
                0x0000000020019238       0x2e
 .bss.data_visualizer_data.9174
                0x0000000020019238       0x2e build/default/production/_ext/1360937237/main.o

.bss.mwa_stream_50Hz%11
                0x0000000020019268       0x28
 .bss.mwa_stream_50Hz
                0x0000000020019268       0x28 build/default/production/_ext/1360937237/PT_algorithm.o
                0x0000000020019268                mwa_stream_50Hz

.bss.mwd_stream%12
                0x0000000020019290       0x28
 .bss.mwd_stream
                0x0000000020019290       0x28 build/default/production/_ext/1360937237/PT_algorithm.o
                0x0000000020019290                mwd_stream

.bss.mwa_stream_60Hz%13
                0x00000000200192b8       0x20
 .bss.mwa_stream_60Hz
                0x00000000200192b8       0x20 build/default/production/_ext/1360937237/PT_algorithm.o
                0x00000000200192b8                mwa_stream_60Hz

.bss%14         0x00000000200192d8       0x1c
 .bss           0x00000000200192d8       0x1c c:/program files/microchip/xc32/v4.50/bin/bin/../../lib/gcc/pic32c/8.3.1/thumb/v7e-m+fp/hard/crtbegin.o

.bss.sample_data_algorithm_control%15
                0x00000000200192f4       0x10
 .bss.sample_data_algorithm_control
                0x00000000200192f4       0x10 build/default/production/_ext/1360937237/main.o
                0x00000000200192f4                sample_data_algorithm_control

.bss.TC0_CallbackObject%16
                0x0000000020019304        0x8
 .bss.TC0_CallbackObject
                0x0000000020019304        0x8 build/default/production/_ext/829342655/plib_tc0.o

.bss.max_pt_signal.8691%17
                0x000000002001930c        0x4
 .bss.max_pt_signal.8691
                0x000000002001930c        0x4 build/default/production/_ext/1360937237/PT_algorithm.o

.bss.mwa_index_50Hz%18
                0x0000000020019310        0x4
 .bss.mwa_index_50Hz
                0x0000000020019310        0x4 build/default/production/_ext/1360937237/PT_algorithm.o
                0x0000000020019310                mwa_index_50Hz

.bss.mwa_index_60Hz%19
                0x0000000020019314        0x4
 .bss.mwa_index_60Hz
                0x0000000020019314        0x4 build/default/production/_ext/1360937237/PT_algorithm.o
                0x0000000020019314                mwa_index_60Hz

.bss.mwd_index%20
                0x0000000020019318        0x4
 .bss.mwd_index
                0x0000000020019318        0x4 build/default/production/_ext/1360937237/PT_algorithm.o
                0x0000000020019318                mwd_index

.bss.mwi_index%21
                0x000000002001931c        0x4
 .bss.mwi_index
                0x000000002001931c        0x4 build/default/production/_ext/1360937237/PT_algorithm.o
                0x000000002001931c                mwi_index

.bss.bpm_timeout.6430%22
                0x0000000020019320        0x4
 .bss.bpm_timeout.6430
                0x0000000020019320        0x4 build/default/production/_ext/1360937237/QRS_algorithm.o

.bss.pt_index%23
                0x0000000020019324        0x4
 .bss.pt_index  0x0000000020019324        0x4 build/default/production/_ext/1360937237/QRS_algorithm.o

.bss.pt_previous_falling_edge%24
                0x0000000020019328        0x4
 .bss.pt_previous_falling_edge
                0x0000000020019328        0x4 build/default/production/_ext/1360937237/QRS_algorithm.o
                0x0000000020019328                pt_previous_falling_edge

.bss.pt_previous_peak%25
                0x000000002001932c        0x4
 .bss.pt_previous_peak
                0x000000002001932c        0x4 build/default/production/_ext/1360937237/QRS_algorithm.o
                0x000000002001932c                pt_previous_peak

.bss.pt_previous_rising_edge%26
                0x0000000020019330        0x4
 .bss.pt_previous_rising_edge
                0x0000000020019330        0x4 build/default/production/_ext/1360937237/QRS_algorithm.o
                0x0000000020019330                pt_previous_rising_edge

.bss.filterToUse%27
                0x0000000020019334        0x4
 .bss.filterToUse
                0x0000000020019334        0x4 build/default/production/_ext/1360937237/main.o

.bss%28         0x0000000020019338        0x4
 .bss           0x0000000020019338        0x4 c:/program files/microchip/xc32/v4.50/bin/bin/../../lib/gcc/pic32c/8.3.1/../../../../pic32c/lib/thumb/v7e-m+fp/hard\libpic32c.a(data_init.o)

.bss%29         0x000000002001933c        0x4
 .bss           0x000000002001933c        0x4 c:/program files/microchip/xc32/v4.50/bin/bin/../../lib/gcc/pic32c/8.3.1/../../../../pic32c/lib/thumb/v7e-m+fp/hard\libc-musl.a(__environ.o)
                0x000000002001933c                __environ
                0x000000002001933c                environ
                0x000000002001933c                ___environ
                0x000000002001933c                _environ

.bss.class_counts%30
                0x0000000020019340        0x3
 .bss.class_counts
                0x0000000020019340        0x3 build/default/production/_ext/1360937237/main.o

.bss.count.8689%31
                0x0000000020019266        0x2
 .bss.count.8689
                0x0000000020019266        0x2 build/default/production/_ext/1360937237/PT_algorithm.o

.bss.timeout.8690%32
                0x0000000020019344        0x2
 .bss.timeout.8690
                0x0000000020019344        0x2 build/default/production/_ext/1360937237/PT_algorithm.o

.bss.bpm_buffer_count%33
                0x0000000020019346        0x2
 .bss.bpm_buffer_count
                0x0000000020019346        0x2 build/default/production/_ext/1360937237/QRS_algorithm.o

.bss.bpm_buffer_index%34
                0x0000000020019348        0x2
 .bss.bpm_buffer_index
                0x0000000020019348        0x2 build/default/production/_ext/1360937237/QRS_algorithm.o

.bss.bpm_buffer_sum%35
                0x000000002001934a        0x2
 .bss.bpm_buffer_sum
                0x000000002001934a        0x2 build/default/production/_ext/1360937237/QRS_algorithm.o

.bss.p_wave_count_to_read%36
                0x000000002001934c        0x2
 .bss.p_wave_count_to_read
                0x000000002001934c        0x2 build/default/production/_ext/1360937237/QRS_algorithm.o

.bss.p_wave_index_to_read%37
                0x000000002001934e        0x2
 .bss.p_wave_index_to_read
                0x000000002001934e        0x2 build/default/production/_ext/1360937237/QRS_algorithm.o

.bss.p_wave_index_to_write%38
                0x0000000020019350        0x2
 .bss.p_wave_index_to_write
                0x0000000020019350        0x2 build/default/production/_ext/1360937237/QRS_algorithm.o

.bss.ml_buf_idx%39
                0x0000000020019352        0x2
 .bss.ml_buf_idx
                0x0000000020019352        0x2 build/default/production/_ext/1360937237/main.o

.bss.timer_event%40
                0x0000000020019343        0x1
 .bss.timer_event
                0x0000000020019343        0x1 build/default/production/_ext/1360937237/main.o

.data.last_class%41
                0x0000000020019354        0x1
 .data.last_class
                0x0000000020019354        0x1 build/default/production/_ext/1360937237/main.o

.eh_frame%z1    0x0000000000000000        0x0
 .eh_frame      0x0000000000000000        0x0 c:/program files/microchip/xc32/v4.50/bin/bin/../../lib/gcc/pic32c/8.3.1/thumb/v7e-m+fp/hard/crtbegin.o

.config_00804000.__config_00804000%42
                0x0000000000804000        0x4
 .config_00804000.__config_00804000
                0x0000000000804000        0x4 build/default/production/_ext/1171490990/initialization.o
                0x0000000000804000                __config_00804000

.config_00804004.__config_00804004%43
                0x0000000000804004        0x4
 .config_00804004.__config_00804004
                0x0000000000804004        0x4 build/default/production/_ext/1171490990/initialization.o
                0x0000000000804004                __config_00804004

.config_00804008.__config_00804008%44
                0x0000000000804008        0x4
 .config_00804008.__config_00804008
                0x0000000000804008        0x4 build/default/production/_ext/1171490990/initialization.o
                0x0000000000804008                __config_00804008

.text.detect_qrs%45
                0x0000000000000284      0x318
 .text.detect_qrs
                0x0000000000000284      0x318 build/default/production/_ext/1360937237/QRS_algorithm.o
                0x0000000000000284                detect_qrs

.text.main%46   0x000000000000059c      0x24c
 .text.main     0x000000000000059c      0x24c build/default/production/_ext/1360937237/main.o
                0x000000000000059c                main

.dinit%47       0x00000000000007e8      0x190
 .dinit         0x00000000000007e8      0x190 data_init

.text.CLOCK_Initialize%48
                0x0000000000000978      0x108
 .text.CLOCK_Initialize
                0x0000000000000978      0x108 build/default/production/_ext/1984496892/plib_clock.o
                0x0000000000000978                CLOCK_Initialize

.text.SERCOM2_USART_Write%49
                0x0000000000000a80       0xd8
 .text.SERCOM2_USART_Write
                0x0000000000000a80       0xd8 build/default/production/_ext/504274921/plib_sercom2_usart.o
                0x0000000000000a80                SERCOM2_USART_Write

.text.SERCOM2_USART_ISR_RX_Handler%50
                0x0000000000000b58       0xb8
 .text.SERCOM2_USART_ISR_RX_Handler
                0x0000000000000b58       0xb8 build/default/production/_ext/504274921/plib_sercom2_usart.o

.text.SERCOM2_USART_ISR_TX_Handler%51
                0x0000000000000c10       0xa8
 .text.SERCOM2_USART_ISR_TX_Handler
                0x0000000000000c10       0xa8 build/default/production/_ext/504274921/plib_sercom2_usart.o

.text.Reset_Handler%52
                0x0000000000000cb8       0x88
 .text.Reset_Handler
                0x0000000000000cb8       0x88 build/default/production/_ext/1171490990/startup_xc32.o
                0x0000000000000cb8                Reset_Handler

.text.SERCOM2_USART_Read%53
                0x0000000000000d40       0x84
 .text.SERCOM2_USART_Read
                0x0000000000000d40       0x84 build/default/production/_ext/504274921/plib_sercom2_usart.o
                0x0000000000000d40                SERCOM2_USART_Read

.text.NVIC_Initialize%54
                0x0000000000000dc4       0x7c
 .text.NVIC_Initialize
                0x0000000000000dc4       0x7c build/default/production/_ext/1865468468/plib_nvic.o
                0x0000000000000dc4                NVIC_Initialize

.text.SERCOM2_USART_Initialize%55
                0x0000000000000e40       0x7c
 .text.SERCOM2_USART_Initialize
                0x0000000000000e40       0x7c build/default/production/_ext/504274921/plib_sercom2_usart.o
                0x0000000000000e40                SERCOM2_USART_Initialize

.text.lp_FIR_filter_50Hz%56
                0x0000000000000ebc       0x70
 .text.lp_FIR_filter_50Hz
                0x0000000000000ebc       0x70 build/default/production/_ext/1360937237/PT_algorithm.o
                0x0000000000000ebc                lp_FIR_filter_50Hz

.text.PORT_Initialize%57
                0x0000000000000f2c       0x6c
 .text.PORT_Initialize
                0x0000000000000f2c       0x6c build/default/production/_ext/1865521619/plib_port.o
                0x0000000000000f2c                PORT_Initialize

.text.pt_signal_max_filter%58
                0x0000000000000f98       0x6c
 .text.pt_signal_max_filter
                0x0000000000000f98       0x6c build/default/production/_ext/1360937237/PT_algorithm.o
                0x0000000000000f98                pt_signal_max_filter

.text.lp_FIR_filter_60Hz%59
                0x0000000000001004       0x64
 .text.lp_FIR_filter_60Hz
                0x0000000000001004       0x64 build/default/production/_ext/1360937237/PT_algorithm.o
                0x0000000000001004                lp_FIR_filter_60Hz

.text.insert_bpm%60
                0x0000000000001068       0x64
 .text.insert_bpm
                0x0000000000001068       0x64 build/default/production/_ext/1360937237/QRS_algorithm.o

.text.read_p_wave_buffer_to_output%61
                0x00000000000010cc       0x64
 .text.read_p_wave_buffer_to_output
                0x00000000000010cc       0x64 build/default/production/_ext/1360937237/QRS_algorithm.o
                0x00000000000010cc                read_p_wave_buffer_to_output

.text.ADC0_Initialize%62
                0x0000000000001130       0x5c
 .text.ADC0_Initialize
                0x0000000000001130       0x5c build/default/production/_ext/60163342/plib_adc0.o
                0x0000000000001130                ADC0_Initialize

.text.__libc_start_init%63
                0x000000000000118c       0x5c
 .text.__libc_start_init
                0x000000000000118c       0x5c c:/program files/microchip/xc32/v4.50/bin/bin/../../lib/gcc/pic32c/8.3.1/../../../../pic32c/lib/thumb/v7e-m+fp/hard\libc-musl.a(__libc_start_main.o)
                0x000000000000118c                __libc_init_array

.text.SERCOM2_USART_InterruptHandler%64
                0x00000000000011e8       0x58
 .text.SERCOM2_USART_InterruptHandler
                0x00000000000011e8       0x58 build/default/production/_ext/504274921/plib_sercom2_usart.o
                0x00000000000011e8                SERCOM2_USART_InterruptHandler

.text.SERCOM2_USART_ISR_ERR_Handler%65
                0x0000000000001240       0x4c
 .text.SERCOM2_USART_ISR_ERR_Handler
                0x0000000000001240       0x4c build/default/production/_ext/504274921/plib_sercom2_usart.o

.text.moving_window_integration%66
                0x000000000000128c       0x48
 .text.moving_window_integration
                0x000000000000128c       0x48 build/default/production/_ext/1360937237/PT_algorithm.o
                0x000000000000128c                moving_window_integration

.text.TC0_TimerInitialize%67
                0x00000000000012d4       0x44
 .text.TC0_TimerInitialize
                0x00000000000012d4       0x44 build/default/production/_ext/829342655/plib_tc0.o
                0x00000000000012d4                TC0_TimerInitialize

.text%68        0x0000000000001318       0x40
 .text          0x0000000000001318       0x40 c:/program files/microchip/xc32/v4.50/bin/bin/../../lib/gcc/pic32c/8.3.1/thumb/v7e-m+fp/hard/crtbegin.o

.text.sample_adc_data%69
                0x0000000000001358       0x40
 .text.sample_adc_data
                0x0000000000001358       0x40 build/default/production/_ext/1360937237/main.o
                0x0000000000001358                sample_adc_data

.text.moving_window_differentiate%70
                0x0000000000001398       0x3c
 .text.moving_window_differentiate
                0x0000000000001398       0x3c build/default/production/_ext/1360937237/PT_algorithm.o
                0x0000000000001398                moving_window_differentiate

.text.get_bpm_min%71
                0x00000000000013d4       0x38
 .text.get_bpm_min
                0x00000000000013d4       0x38 build/default/production/_ext/1360937237/QRS_algorithm.o
                0x00000000000013d4                get_bpm_min

.text.__pic32c_data_initialization%72
                0x000000000000140c       0x38
 .text.__pic32c_data_initialization
                0x000000000000140c       0x38 c:/program files/microchip/xc32/v4.50/bin/bin/../../lib/gcc/pic32c/8.3.1/../../../../pic32c/lib/thumb/v7e-m+fp/hard\libpic32c.a(data_init.o)
                0x000000000000140c                __pic32c_data_initialization

.text.get_bpm_max%73
                0x0000000000001444       0x30
 .text.get_bpm_max
                0x0000000000001444       0x30 build/default/production/_ext/1360937237/QRS_algorithm.o
                0x0000000000001444                get_bpm_max

.text.TC0_TimerInterruptHandler%74
                0x0000000000001474       0x2c
 .text.TC0_TimerInterruptHandler
                0x0000000000001474       0x2c build/default/production/_ext/829342655/plib_tc0.o
                0x0000000000001474                TC0_TimerInterruptHandler

.text.SYS_Initialize%75
                0x00000000000014a0       0x28
 .text.SYS_Initialize
                0x00000000000014a0       0x28 build/default/production/_ext/1171490990/initialization.o
                0x00000000000014a0                SYS_Initialize

.text.insert_data_to_p_wave_buffer%76
                0x00000000000014c8       0x28
 .text.insert_data_to_p_wave_buffer
                0x00000000000014c8       0x28 build/default/production/_ext/1360937237/QRS_algorithm.o
                0x00000000000014c8                insert_data_to_p_wave_buffer

.text.ADC0_ConversionStatusGet%77
                0x00000000000014f0       0x24
 .text.ADC0_ConversionStatusGet
                0x00000000000014f0       0x24 build/default/production/_ext/60163342/plib_adc0.o
                0x00000000000014f0                ADC0_ConversionStatusGet

.text.get_bpm_average%78
                0x0000000000001514       0x24
 .text.get_bpm_average
                0x0000000000001514       0x24 build/default/production/_ext/1360937237/QRS_algorithm.o
                0x0000000000001514                get_bpm_average

.text.SERCOM2_USART_Enable%79
                0x0000000000001538       0x20
 .text.SERCOM2_USART_Enable
                0x0000000000001538       0x20 build/default/production/_ext/504274921/plib_sercom2_usart.o
                0x0000000000001538                SERCOM2_USART_Enable

.text.__dinit_copy%80
                0x0000000000001558       0x1e
 .text.__dinit_copy
                0x0000000000001558       0x1e c:/program files/microchip/xc32/v4.50/bin/bin/../../lib/gcc/pic32c/8.3.1/../../../../pic32c/lib/thumb/v7e-m+fp/hard\libpic32c.a(pic32_data_init_copy.o)
                0x0000000000001558                __dinit_copy_needed
                0x0000000000001558                __dinit_copy

.text.ADC0_Enable%81
                0x0000000000001578       0x18
 .text.ADC0_Enable
                0x0000000000001578       0x18 build/default/production/_ext/60163342/plib_adc0.o
                0x0000000000001578                ADC0_Enable

.text.SERCOM2_USART_WritePendingBytesGet%82
                0x0000000000001590       0x18
 .text.SERCOM2_USART_WritePendingBytesGet
                0x0000000000001590       0x18 build/default/production/_ext/504274921/plib_sercom2_usart.o

.text.SERCOM2_USART_ReadCountGet%83
                0x00000000000015a8       0x18
 .text.SERCOM2_USART_ReadCountGet
                0x00000000000015a8       0x18 build/default/production/_ext/504274921/plib_sercom2_usart.o
                0x00000000000015a8                SERCOM2_USART_ReadCountGet

.text.TC0_TimerStart%84
                0x00000000000015c0       0x18
 .text.TC0_TimerStart
                0x00000000000015c0       0x18 build/default/production/_ext/829342655/plib_tc0.o
                0x00000000000015c0                TC0_TimerStart

.text.SERCOM2_USART_WriteFreeBufferCountGet%85
                0x00000000000015d8       0x14
 .text.SERCOM2_USART_WriteFreeBufferCountGet
                0x00000000000015d8       0x14 build/default/production/_ext/504274921/plib_sercom2_usart.o
                0x00000000000015d8                SERCOM2_USART_WriteFreeBufferCountGet

.rodata%86      0x00000000000015ec       0x14
 .rodata        0x00000000000015ec       0x14 c:/program files/microchip/xc32/v4.50/bin/bin/../../lib/gcc/pic32c/8.3.1/../../../../pic32c/lib/thumb/v7e-m+fp/hard\libpic32c.a(data_init.o)

.text.memset%87
                0x0000000000001600       0x14
 .text.memset   0x0000000000001600       0x14 c:/program files/microchip/xc32/v4.50/bin/bin/../../lib/gcc/pic32c/8.3.1/../../../../pic32c/lib/thumb/v7e-m+fp/hard\libc-size-musl.a(memset.o)
                0x0000000000001600                memset

.text.__dinit_clear%88
                0x0000000000001614       0x12
 .text.__dinit_clear
                0x0000000000001614       0x12 c:/program files/microchip/xc32/v4.50/bin/bin/../../lib/gcc/pic32c/8.3.1/../../../../pic32c/lib/thumb/v7e-m+fp/hard\libpic32c.a(pic32_data_init_clear.o)
                0x0000000000001614                __dinit_clear
                0x0000000000001614                __dinit_clear_needed

.text.BSP_Initialize%89
                0x0000000000001628       0x10
 .text.BSP_Initialize
                0x0000000000001628       0x10 build/default/production/_ext/1434821282/bsp.o
                0x0000000000001628                BSP_Initialize

.text.NVMCTRL_Initialize%90
                0x0000000000001638       0x10
 .text.NVMCTRL_Initialize
                0x0000000000001638       0x10 build/default/production/_ext/1593096446/plib_nvmctrl.o
                0x0000000000001638                NVMCTRL_Initialize

.text.ADC0_ConversionResultGet%91
                0x0000000000001648        0xc
 .text.ADC0_ConversionResultGet
                0x0000000000001648        0xc build/default/production/_ext/60163342/plib_adc0.o
                0x0000000000001648                ADC0_ConversionResultGet

.text.TC0_TimerCallbackRegister%92
                0x0000000000001654        0xc
 .text.TC0_TimerCallbackRegister
                0x0000000000001654        0xc build/default/production/_ext/829342655/plib_tc0.o
                0x0000000000001654                TC0_TimerCallbackRegister

.text.TC0_Interupt_Callback_1000Hz%93
                0x0000000000001660        0xc
 .text.TC0_Interupt_Callback_1000Hz
                0x0000000000001660        0xc build/default/production/_ext/1360937237/main.o
                0x0000000000001660                TC0_Interupt_Callback_1000Hz

.text.square_wave%94
                0x000000000000166c        0x6
 .text.square_wave
                0x000000000000166c        0x6 build/default/production/_ext/1360937237/PT_algorithm.o
                0x000000000000166c                square_wave

.text.__dummy_decompress%95
                0x0000000000001672        0x4
 .text.__dummy_decompress
                0x0000000000001672        0x4 c:/program files/microchip/xc32/v4.50/bin/bin/../../lib/gcc/pic32c/8.3.1/../../../../pic32c/lib/thumb/v7e-m+fp/hard\libpic32c.a(data_init.o)
                0x0000000000001672                __dinit_decompress
                0x0000000000001672                __dinit_copy_val_data
                0x0000000000001672                __dinit_copy_emb

.text.EVSYS_Initialize%96
                0x0000000000001576        0x2
 .text.EVSYS_Initialize
                0x0000000000001576        0x2 build/default/production/_ext/1986646378/plib_evsys.o
                0x0000000000001576                EVSYS_Initialize

.text.Dummy_Handler%97
                0x0000000000001626        0x2
 .text.Dummy_Handler
                0x0000000000001626        0x2 build/default/production/_ext/1171490990/interrupts.o
                0x0000000000001626                EIC_EXTINT_9_Handler
                0x0000000000001626                TCC0_MC5_Handler
                0x0000000000001626                SVCall_Handler
                0x0000000000001626                SERCOM0_2_Handler
                0x0000000000001626                USB_SOF_HSOF_Handler
                0x0000000000001626                TCC4_OTHER_Handler
                0x0000000000001626                TCC2_MC2_Handler
                0x0000000000001626                EVSYS_0_Handler
                0x0000000000001626                TRNG_Handler
                0x0000000000001626                TC2_Handler
                0x0000000000001626                USB_TRCPT0_Handler
                0x0000000000001626                DAC_OTHER_Handler
                0x0000000000001626                AC_Handler
                0x0000000000001626                DAC_EMPTY_0_Handler
                0x0000000000001626                DMAC_OTHER_Handler
                0x0000000000001626                EIC_EXTINT_5_Handler
                0x0000000000001626                SERCOM3_1_Handler
                0x0000000000001626                SysTick_Handler
                0x0000000000001626                SERCOM4_OTHER_Handler
                0x0000000000001626                SERCOM3_2_Handler
                0x0000000000001626                EIC_EXTINT_6_Handler
                0x0000000000001626                PendSV_Handler
                0x0000000000001626                TC7_Handler
                0x0000000000001626                TCC4_MC0_Handler
                0x0000000000001626                EVSYS_3_Handler
                0x0000000000001626                QSPI_Handler
                0x0000000000001626                TCC2_MC0_Handler
                0x0000000000001626                PDEC_OTHER_Handler
                0x0000000000001626                TCC3_MC0_Handler
                0x0000000000001626                PDEC_MC1_Handler
                0x0000000000001626                TCC2_MC1_Handler
                0x0000000000001626                OSCCTRL_XOSC1_Handler
                0x0000000000001626                PDEC_MC0_Handler
                0x0000000000001626                EIC_EXTINT_4_Handler
                0x0000000000001626                EIC_EXTINT_7_Handler
                0x0000000000001626                SERCOM0_OTHER_Handler
                0x0000000000001626                EVSYS_OTHER_Handler
                0x0000000000001626                SERCOM0_0_Handler
                0x0000000000001626                RTC_Handler
                0x0000000000001626                SERCOM4_0_Handler
                0x0000000000001626                TCC1_MC0_Handler
                0x0000000000001626                SERCOM1_OTHER_Handler
                0x0000000000001626                TCC2_OTHER_Handler
                0x0000000000001626                EIC_EXTINT_11_Handler
                0x0000000000001626                SUPC_BODDET_Handler
                0x0000000000001626                EIC_EXTINT_14_Handler
                0x0000000000001626                OSC32KCTRL_Handler
                0x0000000000001626                SERCOM6_2_Handler
                0x0000000000001626                EVSYS_1_Handler
                0x0000000000001626                TC6_Handler
                0x0000000000001626                TCC4_MC1_Handler
                0x0000000000001626                DMAC_0_Handler
                0x0000000000001626                SUPC_OTHER_Handler
                0x0000000000001626                WDT_Handler
                0x0000000000001626                CAN0_Handler
                0x0000000000001626                EIC_EXTINT_15_Handler
                0x0000000000001626                SERCOM6_0_Handler
                0x0000000000001626                EIC_EXTINT_1_Handler
                0x0000000000001626                TCC3_MC1_Handler
                0x0000000000001626                SERCOM5_0_Handler
                0x0000000000001626                TC4_Handler
                0x0000000000001626                TC1_Handler
                0x0000000000001626                TCC1_MC1_Handler
                0x0000000000001626                EIC_EXTINT_0_Handler
                0x0000000000001626                TCC1_OTHER_Handler
                0x0000000000001626                PAC_Handler
                0x0000000000001626                SERCOM4_1_Handler
                0x0000000000001626                TC3_Handler
                0x0000000000001626                Dummy_Handler
                0x0000000000001626                DAC_RESRDY_0_Handler
                0x0000000000001626                SERCOM5_1_Handler
                0x0000000000001626                DMAC_2_Handler
                0x0000000000001626                TCC0_MC4_Handler
                0x0000000000001626                USB_TRCPT1_Handler
                0x0000000000001626                SERCOM0_1_Handler
                0x0000000000001626                TCC0_MC3_Handler
                0x0000000000001626                EIC_EXTINT_12_Handler
                0x0000000000001626                OSCCTRL_DPLL0_Handler
                0x0000000000001626                SERCOM6_OTHER_Handler
                0x0000000000001626                SERCOM7_1_Handler
                0x0000000000001626                SERCOM5_OTHER_Handler
                0x0000000000001626                PM_Handler
                0x0000000000001626                OSCCTRL_DFLL_Handler
                0x0000000000001626                SERCOM7_0_Handler
                0x0000000000001626                DAC_RESRDY_1_Handler
                0x0000000000001626                DMAC_1_Handler
                0x0000000000001626                USB_OTHER_Handler
                0x0000000000001626                GMAC_Handler
                0x0000000000001626                SDHC1_Handler
                0x0000000000001626                SERCOM7_2_Handler
                0x0000000000001626                CAN1_Handler
                0x0000000000001626                TCC0_OTHER_Handler
                0x0000000000001626                EIC_EXTINT_10_Handler
                0x0000000000001626                TCC1_MC3_Handler
                0x0000000000001626                OSCCTRL_XOSC0_Handler
                0x0000000000001626                SERCOM6_1_Handler
                0x0000000000001626                TCC0_MC0_Handler
                0x0000000000001626                EIC_EXTINT_2_Handler
                0x0000000000001626                SDHC0_Handler
                0x0000000000001626                SERCOM1_1_Handler
                0x0000000000001626                I2S_Handler
                0x0000000000001626                PCC_Handler
                0x0000000000001626                TCC3_OTHER_Handler
                0x0000000000001626                EIC_EXTINT_13_Handler
                0x0000000000001626                SERCOM1_0_Handler
                0x0000000000001626                PUKCC_Handler
                0x0000000000001626                SERCOM1_2_Handler
                0x0000000000001626                SERCOM3_0_Handler
                0x0000000000001626                SERCOM4_2_Handler
                0x0000000000001626                TCC1_MC2_Handler
                0x0000000000001626                ADC1_RESRDY_Handler
                0x0000000000001626                NVMCTRL_1_Handler
                0x0000000000001626                SERCOM5_2_Handler
                0x0000000000001626                DAC_EMPTY_1_Handler
                0x0000000000001626                ADC1_OTHER_Handler
                0x0000000000001626                OSCCTRL_DPLL1_Handler
                0x0000000000001626                EIC_EXTINT_3_Handler
                0x0000000000001626                SERCOM3_OTHER_Handler
                0x0000000000001626                EIC_EXTINT_8_Handler
                0x0000000000001626                NVMCTRL_0_Handler
                0x0000000000001626                ADC0_RESRDY_Handler
                0x0000000000001626                ADC0_OTHER_Handler
                0x0000000000001626                MCLK_Handler
                0x0000000000001626                SERCOM7_OTHER_Handler
                0x0000000000001626                EVSYS_2_Handler
                0x0000000000001626                FREQM_Handler
                0x0000000000001626                TCC0_MC1_Handler
                0x0000000000001626                DMAC_3_Handler
                0x0000000000001626                RAMECC_Handler
                0x0000000000001626                TC5_Handler
                0x0000000000001626                AES_Handler
                0x0000000000001626                ICM_Handler
                0x0000000000001626                TCC0_MC2_Handler

.text.NonMaskableInt_Handler%98
                0x0000000000001676        0x2
 .text.NonMaskableInt_Handler
                0x0000000000001676        0x2 build/default/production/_ext/1171490990/exceptions.o
                0x0000000000001676                NonMaskableInt_Handler

.text.HardFault_Handler%99
                0x0000000000001678        0x2
 .text.HardFault_Handler
                0x0000000000001678        0x2 build/default/production/_ext/1171490990/exceptions.o
                0x0000000000001678                HardFault_Handler

.text.DebugMonitor_Handler%100
                0x000000000000167a        0x2
 .text.DebugMonitor_Handler
                0x000000000000167a        0x2 build/default/production/_ext/1171490990/exceptions.o
                0x000000000000167a                DebugMonitor_Handler

.text.MemoryManagement_Handler%101
                0x000000000000167c        0x2
 .text.MemoryManagement_Handler
                0x000000000000167c        0x2 build/default/production/_ext/1171490990/exceptions.o
                0x000000000000167c                MemoryManagement_Handler

.text.BusFault_Handler%102
                0x000000000000167e        0x2
 .text.BusFault_Handler
                0x000000000000167e        0x2 build/default/production/_ext/1171490990/exceptions.o
                0x000000000000167e                BusFault_Handler

.text.UsageFault_Handler%103
                0x0000000000001680        0x2
 .text.UsageFault_Handler
                0x0000000000001680        0x2 build/default/production/_ext/1171490990/exceptions.o
                0x0000000000001680                UsageFault_Handler

.text.Dummy_App_Func%104
                0x0000000000001682        0x2
 .text.Dummy_App_Func
                0x0000000000001682        0x2 build/default/production/_ext/1171490990/startup_xc32.o
                0x0000000000001682                _on_reset
                0x0000000000001682                _on_bootstrap
                0x0000000000001682                __xc32_on_reset
                0x0000000000001682                Dummy_App_Func
                0x0000000000001682                __xc32_on_bootstrap

.text.offset_filter%105
                0x0000000000001684        0x2
 .text.offset_filter
                0x0000000000001684        0x2 build/default/production/_ext/1360937237/PT_algorithm.o
                0x0000000000001684                offset_filter

.text.__dummy_init_tls%106
                0x0000000000001686        0x2
 .text.__dummy_init_tls
                0x0000000000001686        0x2 c:/program files/microchip/xc32/v4.50/bin/bin/../../lib/gcc/pic32c/8.3.1/../../../../pic32c/lib/thumb/v7e-m+fp/hard\libpic32c.a(data_init.o)
                0x0000000000001686                xc32_init_tls

.text.__dummy%107
                0x0000000000001688        0x2
 .text.__dummy  0x0000000000001688        0x2 c:/program files/microchip/xc32/v4.50/bin/bin/../../lib/gcc/pic32c/8.3.1/../../../../pic32c/lib/thumb/v7e-m+fp/hard\libc-musl.a(__libc_start_main.o)
                0x0000000000001688                __init_stdio
                0x0000000000001688                __init_host
